// Jest Snapshot v1, https://goo.gl/fbAQLP

exports[`About.vue should respect the snapshot 1`] = `
<div>
  
  This is the About page

</div>
`;
